

https://www.codegrepper.com/code-examples/
https://python-graph-gallery.com/all-charts/

num1 = float(input("Enter first number... "))
op = input("Enter an Operation... ")
num2 = float(input("Enter second number... "))
if op == ("+"):
    print(num1+num2)
elif op == ("-"):
    print(num1-num2)
elif op == ("*"):
    print(num1 * num2)
elif op == ("/"):
    print(num1/num2)

Abrir terminal
cd..  vuelve al directorio anterior

Crea directorio mei001 y crea archivos del proyecto(botón derecha copia y pega en cmd):
C:\Users\I871264\Desktop\Tin\ProjetosDjango>django-admin startproject meli001

Ir al directorio meli001:
C:\Users\I871264\Desktop\Tin\ProjetosDjango>cd meli001

Activar servidor web:
C:\Users\I871264\Desktop\Tin\ProjetosDjango\meli001>py manage.py runserver

python manage.py makemigrations gestion_productos
python manage.py migrate
python manage.py createsuperuser

--- Pasos a seguir ---

0 - Crear base de datos:
via prompt o directo


1 - Crear projeto:
django-admin startproject meli003

1.1 Crear projeto na com app na mesma pasta:
django-admin startproject meli003 ..(espacio y uno o dos puntos al final, lo crea en n carpetas atras)

2 - Crear app, ultimo campo es el nombre:
py manage.py startapp my-app (dos)
o:
django-admin startapp SalesSystem

3- No settings.py "do projeto" vamos mudar a configuração do DATABASE:
DATABASES = {
    'default': {
        'ENGINE': 'django.db.backends.postgresql_psycopg2',
#        'NAME': os.environ.get('DB_NAME', 'db_meli01'),
#        'USER': os.environ.get('DB_USER', 'postgres'),
#        'PASSWORD': os.environ.get('DB_PASS', 'C6wh3b5%'),
        'NAME': 'db_meli01',
        'USER': 'postgres',
        'PASSWORD': 'C6wh3b5%',
        'HOST': 'localhost', # O IP del hot de la BD
        'PORT': '5432',
    }
}

4.1 - Crear tablas y configuraciones básicas de seguridad, via terminal, 
dentro de la carpeta donde está menanage.py:
python manage.py migrate

4.2 Crear super usuario, via terminal:
python manage.py createsuperuser

5 - Crear modelos de datos en models.py

6 - Registrar los modelos en admin.py, ejemplo del modelo Producto:
from .models import Producto
admin.site.register(Producto)


7 - Criar tabelas do projeto django na base de dados, via terminal:
python manage.py migrate

8 - Incluir a configuração da nova app em settings.py do projeto, ejemplo:
INSTALLED_APPS = [
    'melistore.apps.MelistoreConfig',
    'django.contrib.admin',
    'django.contrib.auth',
    'django.contrib.contenttypes',
    'django.contrib.sessions',
    'django.contrib.messages',
    'django.contrib.staticfiles',
]

9 - Ejecutar primer paso de migration para icluir ajustes que deben ir a la DB, via terminal:
python manage.py makemigrations gestion_productos

10 - Ejecutar segundo paso de migration para que se gravem ajustes na DB, via terminal:
python manage.py migrate

11 - Trabajar con imagenes, instalar lo sigeuinte:
C:\ProjectsDjango\Product_Management>pip install pillow
Collecting pillow
  Downloading Pillow-7.2.0-cp38-cp38-win_amd64.whl (2.1 MB)
     |████████████████████████████████| 2.1 MB 1.7 MB/s
Installing collected packages: pillow

11.1 - Ejemplo en models:
prod_foto = models.ImageField(null=True, blank=True, verbose_name='Foto')

11.2 - Crear folder /media/

11.3 - Ajustes en settings:
MEDIA_URL = '/media/'

MEDIA_ROOT = [ { 'DIRS': [BASE_DIR / 'media'] } ]
o: #MEDIA_ROOT = os.path.join(BASE_DIR, 'media')

11.4 - Ajustes en urls
Agregar:
from django.conf import settings
from django.conf.urls.static import static

urlpatterns += static(settings.MEDIA_URL, document_root=settings.MEDIA_ROOT)

11.5 Admin o ver de crear forms:
agragar nombre del nuevo campo

12 - Para usar una db mysql:

C:\ProjectsDjango\Product_Management2>pip install mysqlclient
Collecting mysqlclient
  Downloading mysqlclient-2.0.1-cp38-cp38-win_amd64.whl (269 kB)
     |████████████████████████████████| 269 kB 2.2 MB/s
Installing collected packages: mysqlclient
Successfully installed mysqlclient-2.0.1

C:\ProjectsDjango\Product_Management2>


import db en plesk

-- Table structure for table `auth_user`
--
CREATE TABLE `auth_user` (
  `id` int(11) NOT NULL,
  `password` varchar(128) NOT NULL,
  `last_login` datetime(6) DEFAULT NULL,
  `is_superuser` tinyint(1) NOT NULL,
  `username` varchar(150) NOT NULL,
  `first_name` varchar(150) NOT NULL,
  `last_name` varchar(150) NOT NULL,
  `email` varchar(254) NOT NULL,
  `is_staff` tinyint(1) NOT NULL,
  `is_active` tinyint(1) NOT NULL,
  `date_joined` datetime(6) NOT NULL
) ENGINE=InnoDB DEFAULT CHARSET=utf8mb4

#1064 - You have an error in your SQL syntax; check the manual that corresponds to your MySQL server version for the right syntax to use near '(6) DEFAULT NULL,
  `is_superuser` tinyint(1) NOT NULL,
  `username` varchar(150' at line 10

puede funcionar en host local, pero no en el hospedaje plesk:
<!-- Estendemos do template base -->
{% extends "gestion_productos/admin.py" %}

<!-- Bloco que define o <title></title> da nossa página -->
{% block title %}Página Inicial{% endblock %}

<!-- Bloco de conteúdo da nossa página -->    
{% block conteudo %}

{% endblock %}














<!DOCTYPE html>
<html lang="es">
<head>
    <meta charset="UTF-8">
    <title>Meu primer html</title>
</head>
<body>
    <h1>Esta es la capinha</h1>
    <form>
        <a href="http://127.0.0.1:8000/admin/gestion_productos/producto/">
            <button style="background: #069cc2; 
            border-radius: 6px; 
            padding: 15px; 
            cursor: pointer; 
            color: #fff; 
            border: none; 
            font-size: 16px;">
                Iniciar Sistema</button></a>
    </form>
</body>
</html>



<!DOCTYPE html>
<html lang="es">
<head>
    <meta charset="UTF-8">
    <title>Fale Conosco</title>
</head>
<body>
    <h1>este é o detalhe</h1>
    <form class="" action="inicio.html" method="POST">
        Nome: <input type="text" name="" value="">
        <button type="button" name="button">Enviar</button>
    </form>
</body>
</html>




<!DOCTYPE html>
<html lang="es">
<head>
    <meta charset="UTF-8">
    <title>Meu primer html</title>
</head>
<body>
    <h1>Hola Meli y Amigos!!</h1>
    <form>
        <a href='/static/media/photos/Image36.png'>
            <button style="background: #069cc2; 
            border-radius: 6px; 
            padding: 15px; 
            cursor: pointer; 
            color: #fff; 
            border: none; 
            font-size: 300px;">
                Iniciar Sistema</button></a>
    </form>
</body>
</html>




 <!DOCTYPE html>
 <html lang="es">
     <head>
         <title>Index</title>
     </head>
     <body>
         <h2>Django diz pra você:</h2>
         olá fulano! <b>{{ msgnegrito }}</b><br />
         <a href="/../admin/">Sobre</a><br />
     </body>
 </html>